
===========================================================================
report_checks -path_delay min (Hold)
============================================================================
Startpoint: _134_ (rising edge-triggered flip-flop)
Endpoint: count[7] (output port clocked by clk)
Path Group: clk
Path Type: min

Fanout     Cap    Slew   Delay    Time   Description
-----------------------------------------------------------------------------
                  0.27    0.00    0.00 ^ _134_/CLK (sky130_fd_sc_hd__dfxtp_2)
                  0.10    0.43    0.43 v _134_/Q (sky130_fd_sc_hd__dfxtp_2)
     3    0.04                           count[7] (net)
                  0.10    0.00    0.43 v count[7] (out)
                                  0.43   data arrival time

                  0.00    0.00    0.00   clock clk (rise edge)
                          0.00    0.00   clock network delay (ideal)
                          0.25    0.25   clock uncertainty
                          0.00    0.25   clock reconvergence pessimism
                         -2.00   -1.75   output external delay
                                 -1.75   data required time
-----------------------------------------------------------------------------
                                 -1.75   data required time
                                 -0.43   data arrival time
-----------------------------------------------------------------------------
                                  2.18   slack (MET)


Startpoint: _132_ (rising edge-triggered flip-flop)
Endpoint: count[5] (output port clocked by clk)
Path Group: clk
Path Type: min

Fanout     Cap    Slew   Delay    Time   Description
-----------------------------------------------------------------------------
                  0.27    0.00    0.00 ^ _132_/CLK (sky130_fd_sc_hd__dfxtp_2)
                  0.10    0.43    0.43 v _132_/Q (sky130_fd_sc_hd__dfxtp_2)
     3    0.04                           count[5] (net)
                  0.10    0.00    0.43 v count[5] (out)
                                  0.43   data arrival time

                  0.00    0.00    0.00   clock clk (rise edge)
                          0.00    0.00   clock network delay (ideal)
                          0.25    0.25   clock uncertainty
                          0.00    0.25   clock reconvergence pessimism
                         -2.00   -1.75   output external delay
                                 -1.75   data required time
-----------------------------------------------------------------------------
                                 -1.75   data required time
                                 -0.43   data arrival time
-----------------------------------------------------------------------------
                                  2.18   slack (MET)


Startpoint: _136_ (rising edge-triggered flip-flop)
Endpoint: count[9] (output port clocked by clk)
Path Group: clk
Path Type: min

Fanout     Cap    Slew   Delay    Time   Description
-----------------------------------------------------------------------------
                  0.27    0.00    0.00 ^ _136_/CLK (sky130_fd_sc_hd__dfxtp_2)
                  0.10    0.43    0.43 v _136_/Q (sky130_fd_sc_hd__dfxtp_2)
     3    0.04                           count[9] (net)
                  0.10    0.00    0.43 v count[9] (out)
                                  0.43   data arrival time

                  0.00    0.00    0.00   clock clk (rise edge)
                          0.00    0.00   clock network delay (ideal)
                          0.25    0.25   clock uncertainty
                          0.00    0.25   clock reconvergence pessimism
                         -2.00   -1.75   output external delay
                                 -1.75   data required time
-----------------------------------------------------------------------------
                                 -1.75   data required time
                                 -0.43   data arrival time
-----------------------------------------------------------------------------
                                  2.18   slack (MET)


Startpoint: _142_ (rising edge-triggered flip-flop)
Endpoint: count[15] (output port clocked by clk)
Path Group: clk
Path Type: min

Fanout     Cap    Slew   Delay    Time   Description
-----------------------------------------------------------------------------
                  0.27    0.00    0.00 ^ _142_/CLK (sky130_fd_sc_hd__dfxtp_2)
                  0.10    0.43    0.43 v _142_/Q (sky130_fd_sc_hd__dfxtp_2)
     3    0.04                           count[15] (net)
                  0.10    0.00    0.43 v count[15] (out)
                                  0.43   data arrival time

                  0.00    0.00    0.00   clock clk (rise edge)
                          0.00    0.00   clock network delay (ideal)
                          0.25    0.25   clock uncertainty
                          0.00    0.25   clock reconvergence pessimism
                         -2.00   -1.75   output external delay
                                 -1.75   data required time
-----------------------------------------------------------------------------
                                 -1.75   data required time
                                 -0.43   data arrival time
-----------------------------------------------------------------------------
                                  2.18   slack (MET)


Startpoint: _138_ (rising edge-triggered flip-flop)
Endpoint: count[11] (output port clocked by clk)
Path Group: clk
Path Type: min

Fanout     Cap    Slew   Delay    Time   Description
-----------------------------------------------------------------------------
                  0.27    0.00    0.00 ^ _138_/CLK (sky130_fd_sc_hd__dfxtp_2)
                  0.11    0.43    0.43 v _138_/Q (sky130_fd_sc_hd__dfxtp_2)
     3    0.04                           count[11] (net)
                  0.11    0.00    0.44 v count[11] (out)
                                  0.44   data arrival time

                  0.00    0.00    0.00   clock clk (rise edge)
                          0.00    0.00   clock network delay (ideal)
                          0.25    0.25   clock uncertainty
                          0.00    0.25   clock reconvergence pessimism
                         -2.00   -1.75   output external delay
                                 -1.75   data required time
-----------------------------------------------------------------------------
                                 -1.75   data required time
                                 -0.44   data arrival time
-----------------------------------------------------------------------------
                                  2.19   slack (MET)


